// Jest Snapshot v1, https://goo.gl/fbAQLP

exports[`UserProfile - unit should match snapshot 1`] = `
<div
  class="user-card"
>
  <span
    class="user-name"
  >
    JÃºnior
  </span>
   
  <span
    class="user-email"
  >
    teste@teste.com.br
  </span>
</div>
`;
